[momopanel.com/index.html]
[backblue.gif]
[fade.gif]
[index.html]
[cdn.mypanel.link/h8dcak/kj6pqgpgnfa3r68i.png]
[browser.sentry-cdn.com/5.6.2/bundle.min.js]
[cdn.mypanel.link/global/h4j66eyh1a17f87y.css]
[cdn.mypanel.link/h8dcak/kr7exl0esgralzc0.css]
[cdn.mypanel.link/h8dcak/inczlwrcs8lxpkmr.png]
[momopanel.com/services.html]
[momopanel.com/blog.html]
[momopanel.com/api.html]
[momopanel.com/terms.html]
[momopanel.com/signup.html]
[momopanel.com/resetpassword.html]
[momopanel.com/img/no_image.png]
[cdn.mypanel.link/global/ihyj80wqx8aofg32.js]
[cdn.mypanel.link/global/0e7qiaj8kmea5mhk.js]
[momopanel.com/index.html]
[cdn.mypanel.link/global/h4j66eyh1a17f87y.css]
[cdn.mypanel.link/h8dcak/kr7exl0esgralzc0.css]
[momopanel.com/services.html]
[momopanel.com/blog/the-ultimate-guide-to-social-media-automation-panel.html]
[cdn.mypanel.link/h8dcak/8dpo6jkufthurgty.png]
[momopanel.com/blog/the-cheapest-smm-panel-for-social-media-growth.html]
[cdn.mypanel.link/h8dcak/ci8samk23ofcfjn7.png]
[momopanel.com/blog/the-ultimate-guide-to-attracting-new-smm-panel-customers.html]
[cdn.mypanel.link/h8dcak/buncfeq225ejm2nu.png]
[momopanel.com/blog/how-to-choose-a-domain-name-for-an-smm-panel.html]
[cdn.mypanel.link/h8dcak/b8ep4qgj5tn39trs.png]
[momopanel.com/blog/how-to-make-your-smm-panel-generate-real-followers.html]
[cdn.mypanel.link/h8dcak/6hof45w9uzn29tnz.png]
[momopanel.com/blog/who-is-the-main-smm-provider.html]
[cdn.mypanel.link/h8dcak/9s983gnpg8u5oski.png]
[momopanel.com/blog/refill-as-an-smm-panel-feature.html]
[cdn.mypanel.link/h8dcak/h7dud6h83ze0fr9s.png]
[momopanel.com/blog.html]
[momopanel.com/api.html]
[momopanel.com/terms.html]
[momopanel.com/example.html]
[www.google.com/recaptcha/apifef7.js]
[momopanel.com/signup.html]
[momopanel.com/resetpassword.html]
[cdn.mypanel.link/global/iwklzakuj8tgiq6b.js]
[momopanel.com/blog/the-ultimate-guide-to-social-media-automation-panel.html]
[momopanel.com/blog/the-cheapest-smm-panel-for-social-media-growth.html]
[momopanel.com/blog/the-ultimate-guide-to-attracting-new-smm-panel-customers.html]
[momopanel.com/blog/how-to-choose-a-domain-name-for-an-smm-panel.html]
[momopanel.com/blog/how-to-make-your-smm-panel-generate-real-followers.html]
[momopanel.com/blog/who-is-the-main-smm-provider.html]
[momopanel.com/blog/refill-as-an-smm-panel-feature.html]
[momopanel.com/example.html]
